(be){best better bed beautiful bed beach } (fo){football food } (he){hello herb heart } (in){install inspire instagram internet } (lo){long local love loan } (ma){matrix } (mo){most modern movie } (mq){mquest } (mu){music multiple } (no){north } (pl){please plagiarism plural place } (re){red rent ready } (sp){special speed spell spanish spark } (th){the thanks they } 

1 0 2 0 4 0 2 0 1 0 3 0 1 0 

The intersection of two subtrees rooted at pl and mu is NOT empty.
The intersection of two subtrees rooted at he and mo is empty.
The intersection of two subtrees rooted at be and in is empty.
The intersection of two subtrees rooted at re and lo is NOT empty.
The intersection of two subtrees rooted at be and be is NOT empty.
