(be){best better bed beautiful bed beach } (fo){football food } (he){hello herb heart } (in){install inspire instagram internet } (lo){long local love loan } (ma){matrix } (mo){most modern movie } (mq){mquest } (mu){music multiple } (no){north } (pl){please plagiarism plural place } (re){red rent ready } (sp){special speed spell spanish spark } (th){the thanks they } 

1 0 2 0 4 0 2 0 1 0 3 0 1 0 

The size of the union of pl and mu is 9
The size of the union of he and mo is 9
The size of the union of sp and pl is 9
The size of the union of lo and mo is 14
The size of the union of sp and mo is 8
The size of the union of be and mu is 5
