(be){best better bed beautiful bed beach } (fo){football food } (he){hello herb heart } (in){install inspire instagram internet } (lo){long local love loan } (ma){matrix } (mo){most modern movie } (mq){mquest } (mu){music multiple } (no){north } (pl){please plagiarism plural place } (re){red rent ready } (sp){special speed spell spanish spark } (th){the thanks they } 

1 0 2 0 4 0 2 0 1 0 3 0 1 0 

The previous node of sp is re
The previous node of pl is no
The previous node of mq is mo
The previous node of ma is lo
The previous node of be is 
The previous node of he is fo
The previous node of lo is in
