(be){best better bed beautiful bed beach } (fo){football food } (he){hello herb heart } (in){install inspire instagram internet } (lo){long local love loan } (ma){matrix } (mo){most modern movie } (mq){mquest } (mu){music multiple } (no){north } (pl){please plagiarism plural place } (re){red rent ready } (sp){special speed spell spanish spark } (th){the thanks they } 

1 0 2 0 4 0 2 0 1 0 3 0 1 0 

re sp pl 
mq mu mo pl 
fo be he 
in he 
no mu mo 
ma mo 
mu mo pl lo 
be he lo 
